2025-04-04 05:11:00.499893 - Received CBT.V508.FILE152.PDS from FILE152.XMI 
2025-04-04 05:11:00.501321 - Found $$$#DATE.txt (text/plain) in CBT.V508.FILE152.PDS, moved to PDS/$$$#DATE
2025-04-04 05:11:00.501501 - Found $$DOC.txt (text/plain) in CBT.V508.FILE152.PDS, moved to PDS/$$DOC
2025-04-04 05:11:00.501696 - Found @FILE152.txt (text/plain) in CBT.V508.FILE152.PDS, moved to PDS/@FILE152
2025-04-04 05:11:00.501820 - Found AGGETVLI.txt (text/plain) in CBT.V508.FILE152.PDS, moved to PDS/AGGETVLI
2025-04-04 05:11:00.501937 - Found AGTERM.txt (text/plain) in CBT.V508.FILE152.PDS, moved to PDS/AGTERM
2025-04-04 05:11:00.502051 - Found AMAZING.jcl (text/plain) in CBT.V508.FILE152.PDS, moved to PDS/AMAZING
2025-04-04 05:11:00.502181 - Found AMAZING2.jcl (text/plain) in CBT.V508.FILE152.PDS, moved to PDS/AMAZING2
2025-04-04 05:11:00.502297 - Found CALENDAR.jcl (text/plain) in CBT.V508.FILE152.PDS, moved to PDS/CALENDAR
2025-04-04 05:11:00.502414 - Found EQUREGS.txt (text/plain) in CBT.V508.FILE152.PDS, moved to PDS/EQUREGS
2025-04-04 05:11:00.502531 - Found F11UP.txt (text/plain) in CBT.V508.FILE152.PDS, moved to PDS/F11UP
2025-04-04 05:11:00.502651 - Found F12UP.txt (text/plain) in CBT.V508.FILE152.PDS, moved to PDS/F12UP
2025-04-04 05:11:00.502771 - Found INLINE.bin (application/octet-stream) in CBT.V508.FILE152.PDS, moved to PDS/INLINE
2025-04-04 05:11:00.502885 - Found INLINER.txt (text/plain) in CBT.V508.FILE152.PDS, moved to PDS/INLINER
2025-04-04 05:11:00.503054 - Found JOVERBLD.jcl (text/plain) in CBT.V508.FILE152.PDS, moved to PDS/JOVERBLD
2025-04-04 05:11:00.503177 - Found NCZ93205.jcl (text/plain) in CBT.V508.FILE152.PDS, moved to PDS/NCZ93205
2025-04-04 05:11:00.503290 - Found O$$DOC.txt (text/plain) in CBT.V508.FILE152.PDS, moved to PDS/O$$DOC
2025-04-04 05:11:00.503412 - Found O11UP.txt (text/plain) in CBT.V508.FILE152.PDS, moved to PDS/O11UP
2025-04-04 05:11:00.503552 - Found O12UP.txt (text/plain) in CBT.V508.FILE152.PDS, moved to PDS/O12UP
2025-04-04 05:11:00.503688 - Found POSTERT.jcl (text/plain) in CBT.V508.FILE152.PDS, moved to PDS/POSTERT
2025-04-04 05:11:00.503812 - Found POSTERT2.jcl (text/plain) in CBT.V508.FILE152.PDS, moved to PDS/POSTERT2
2025-04-04 05:11:00.503948 - Found POSTER2.jcl (text/plain) in CBT.V508.FILE152.PDS, moved to PDS/POSTER2
2025-04-04 05:11:00.504107 - Found PSFSCANA.jcl (text/plain) in CBT.V508.FILE152.PDS, moved to PDS/PSFSCANA
2025-04-04 05:11:00.504227 - Found PSFSCANB.jcl (text/plain) in CBT.V508.FILE152.PDS, moved to PDS/PSFSCANB
2025-04-04 05:11:00.504345 - Found PSFSCANC.jcl (text/plain) in CBT.V508.FILE152.PDS, moved to PDS/PSFSCANC
2025-04-04 05:11:00.504502 - Found PSFSCAND.jcl (text/plain) in CBT.V508.FILE152.PDS, moved to PDS/PSFSCAND
2025-04-04 05:11:00.504630 - Found PSFSCANE.jcl (text/plain) in CBT.V508.FILE152.PDS, moved to PDS/PSFSCANE
2025-04-04 05:11:00.504743 - Found PSFSCANF.jcl (text/plain) in CBT.V508.FILE152.PDS, moved to PDS/PSFSCANF
2025-04-04 05:11:00.504874 - Found PSFSCANH.jcl (text/plain) in CBT.V508.FILE152.PDS, moved to PDS/PSFSCANH
2025-04-04 05:11:00.505004 - Found PSFSCANI.jcl (text/plain) in CBT.V508.FILE152.PDS, moved to PDS/PSFSCANI
2025-04-04 05:11:00.505115 - Found PSFSCANJ.jcl (text/plain) in CBT.V508.FILE152.PDS, moved to PDS/PSFSCANJ
2025-04-04 05:11:00.505231 - Found PSFSCANK.jcl (text/plain) in CBT.V508.FILE152.PDS, moved to PDS/PSFSCANK
2025-04-04 05:11:00.505338 - Found PSFSCANL.jcl (text/plain) in CBT.V508.FILE152.PDS, moved to PDS/PSFSCANL
2025-04-04 05:11:00.505450 - Found PSFSCANM.jcl (text/plain) in CBT.V508.FILE152.PDS, moved to PDS/PSFSCANM
2025-04-04 05:11:00.505570 - Found PSFSCANN.jcl (text/plain) in CBT.V508.FILE152.PDS, moved to PDS/PSFSCANN
2025-04-04 05:11:00.505683 - Found PSFSCANO.jcl (text/plain) in CBT.V508.FILE152.PDS, moved to PDS/PSFSCANO
2025-04-04 05:11:00.505814 - Found PSFSCANP.jcl (text/plain) in CBT.V508.FILE152.PDS, moved to PDS/PSFSCANP
2025-04-04 05:11:00.505969 - Found PSFSCANQ.jcl (text/plain) in CBT.V508.FILE152.PDS, moved to PDS/PSFSCANQ
2025-04-04 05:11:00.506073 - Found PSFSCAN1.jcl (text/plain) in CBT.V508.FILE152.PDS, moved to PDS/PSFSCAN1
2025-04-04 05:11:00.506186 - Found PSFSCAN4.jcl (text/plain) in CBT.V508.FILE152.PDS, moved to PDS/PSFSCAN4
2025-04-04 05:11:00.506301 - Found PSFSCAN5.jcl (text/plain) in CBT.V508.FILE152.PDS, moved to PDS/PSFSCAN5
2025-04-04 05:11:00.506413 - Found PSFSCAN6.jcl (text/plain) in CBT.V508.FILE152.PDS, moved to PDS/PSFSCAN6
2025-04-04 05:11:00.506533 - Found PSFSCAN7.jcl (text/plain) in CBT.V508.FILE152.PDS, moved to PDS/PSFSCAN7
2025-04-04 05:11:00.506650 - Found PSFSCAN8.jcl (text/plain) in CBT.V508.FILE152.PDS, moved to PDS/PSFSCAN8
2025-04-04 05:11:00.506764 - Found PSFSCAN9.jcl (text/plain) in CBT.V508.FILE152.PDS, moved to PDS/PSFSCAN9
2025-04-04 05:11:00.506875 - Found P12UP.txt (text/plain) in CBT.V508.FILE152.PDS, moved to PDS/P12UP
2025-04-04 05:11:00.507000 - Found P18B2.txt (text/plain) in CBT.V508.FILE152.PDS, moved to PDS/P18B2
2025-04-04 05:11:00.507110 - Found RFIXMOVE.txt (text/plain) in CBT.V508.FILE152.PDS, moved to PDS/RFIXMOVE
2025-04-04 05:11:00.507218 - Found RPRINT02.txt (text/plain) in CBT.V508.FILE152.PDS, moved to PDS/RPRINT02
2025-04-04 05:11:00.507324 - Found RPRINT07.txt (text/plain) in CBT.V508.FILE152.PDS, moved to PDS/RPRINT07
2025-04-04 05:11:00.507431 - Found RPRINT09.txt (text/plain) in CBT.V508.FILE152.PDS, moved to PDS/RPRINT09
2025-04-04 05:11:00.507543 - Found SUBENTRY.txt (text/plain) in CBT.V508.FILE152.PDS, moved to PDS/SUBENTRY
2025-04-04 05:11:00.507663 - Found SUBEXIT.txt (text/plain) in CBT.V508.FILE152.PDS, moved to PDS/SUBEXIT
2025-04-04 05:11:00.507770 - Found T$$DOC.txt (text/plain) in CBT.V508.FILE152.PDS, moved to PDS/T$$DOC
2025-04-04 05:11:00.507877 - Found TAG.txt (text/plain) in CBT.V508.FILE152.PDS, moved to PDS/TAG
2025-04-04 05:11:00.508012 - Found TIMEHIST.txt (text/plain) in CBT.V508.FILE152.PDS, moved to PDS/TIMEHIST
2025-04-04 05:11:00.508170 - Found TIMETAKE.txt (text/plain) in CBT.V508.FILE152.PDS, moved to PDS/TIMETAKE
2025-04-04 05:11:00.508282 - Found TIMHISTJ.jcl (text/plain) in CBT.V508.FILE152.PDS, moved to PDS/TIMHISTJ
2025-04-04 05:11:00.508388 - Found TIMTAKEJ.jcl (text/plain) in CBT.V508.FILE152.PDS, moved to PDS/TIMTAKEJ
2025-04-04 05:11:00.508496 - Found X$$DOC.txt (text/plain) in CBT.V508.FILE152.PDS, moved to PDS/X$$DOC
